{smcl}
{com}{sf}{ul off}{txt}{.-}
      name:  {res}<unnamed>
       {txt}log:  {res}/Users/farshadpourmalek/Downloads/CovidLongitudinal-main/code/merge/log CovidLongitudinal coverage.smcl
  {txt}log type:  {res}smcl
 {txt}opened on:  {res}17 Dec 2023, 19:19:11
{txt}
{com}. 
. ***************************************************************************
. * This is "do CovidLongitudinal coverage.do"
. 
. * Project: Longitudinal assessment of C 19 models         
. * Objective: Count the number of countries included in each model
.                                                                 
. ***************************************************************************
. 
. 
. 
. 
. 
. ***** get the country coverage
. 
. * get the number of countries included in C 19 epidemic models' updates 
. 
. 
. *** for Global level, then for Regional levels ***
. 
. 
. * find the update date of maximum countries for each model
. 
. * gen the maximum countries' list for each model
. 
. 
. 
. 
. 
. 
. 
. ****************************************************************
. **************************************************************** 
. ****************************************************************
. 
. * get the number of countries included in C 19 epidemic models' updates
. 
. 
. * Only DELP and IHME have subnational. Ger rid of subnational locations using keep country names. 
. 
. 
. 
. *********************
. 
. * DELP number of countries
. 
. clear
{txt}
{com}. 
. local list1 ///
> 20200417 ///
> 20200424 ///
> 20200501 ///
> 20200509 ///
> 20200517 ///
> 20200524 ///
> 20200531 ///
> 20200607 ///
> 20200614 ///
> 20200621 ///
> 20200628 ///
> 20200704 ///
> 20200718 ///
> 20200723 ///
> 20200801 ///
> 20200815 ///
> 20200829 ///
> 20200912 ///
> 20200926 ///
> 20201008 ///
> 20201022 ///
> 20201105 ///
> 20201119 ///
> 20201203 ///
> 20201217 ///
> 20201231 ///
> 20210114 ///
> 20210128 ///
> 20210211 ///
> 20210225 ///
> 20210311 ///
> 20210325 ///
> 20210408 ///
> 20210422 ///
> 20210506 ///
> 20210520 ///
> 20210603 ///
> 20210610 ///
> 20210617 ///
> 20210624 ///
> 20210701 ///
> 20210708 ///
> 20210715 ///
> 20210722 ///
> 20210729 ///
> 20210805 ///
> 20210812 ///
> 20210819 ///
> 20210826 ///
> 20210902 ///
> 20210909 ///
> 20210916 ///
> 20210923 ///
> 20210930 ///
> 20211007 ///
> 20211014 ///
> 20211021 ///
> 20211028 ///
> 20211104 ///
> 20211111 ///
> 20211118 ///
> 20211125 ///
> 20211202 ///
> 20211209 ///
> 20211216 ///
> 20211223 ///
> 20211230 ///
> 20220106 ///
> 20220113 ///
> 20220114 ///
> 20220115 ///
> 20220116 ///
> 20220117 ///
> 20220118 ///
> 20220119 ///
> 20220120 ///
> 20220121 ///
> 20220122 ///
> 20220123 ///
> 20220124 ///
> 20220125 ///
> 20220126 ///
> 20220127 ///
> 20220128 ///
> 20220129 ///
> 20220130 ///
> 20220131 ///
> 20220201 ///
> 20220202 ///
> 20220203 ///
> 20220204 ///
> 20220205 ///
> 20220206 ///
> 20220207 ///
> 20220208 ///
> 20220209 ///
> 20220210 ///
> 20220211 ///
> 20220212 ///
> 20220213 ///
> 20220214 ///
> 20220215 ///
> 20220216 ///
> 20220217 ///
> 20220218 ///
> 20220219 ///
> 20220220 ///
> 20220221 ///
> 20220222 ///
> 20220223 ///
> 20220224 ///
> 20220225 ///
> 20220226 ///
> 20220227 ///
> 20220228 ///
> 20220301 ///
> 20220302 ///
> 20220303 ///
> 20220304 ///
> 20220305 ///
> 20220306 ///
> 20220307 ///
> 20220308 ///
> 20220309 ///
> 20220310 ///
> 20220311 ///
> 20220312 ///
> 20220313 ///
> 20220314 ///
> 20220315 ///
> 20220316 ///
> 20220317 ///
> 20220318 ///
> 20220319 ///
> 20220320 ///
> 20220321 ///
> 20220322 ///
> 20220323 ///
> 20220324 ///
> 20220325 ///
> 20220326 ///
> 20220327 ///
> 20220328 ///
> 20220329 ///
> 20220330 ///
> 20220331 ///
> 20220401 ///
> 20220402 ///
> 20220403 ///
> 20220404 ///
> 20220405 ///
> 20220406 ///
> 20220407 ///
> 20220408 ///
> 20220409 ///
> 20220410 ///
> 20220411 ///
> 20220412 ///
> 20220413 ///
> 20220414 ///
> 20220415 ///
> 20220416 ///
> 20220417 ///
> 20220418 ///
> 20220419 ///
> 20220420 ///
> 20220421 ///
> 20220422 ///
> 20220423 ///
> 20220424 ///
> 20220425 ///
> 20220426 ///
> 20220427 ///
> 20220428 ///
> 20220429 ///
> 20220430 ///
> 20220501 ///
> 20220502 ///
> 20220503 ///
> 20220504 ///
> 20220505 ///
> 20220506 ///
> 20220507 ///
> 20220508 ///
> 20220509 ///
> 20220510 ///
> 20220511 ///
> 20220512 ///
> 20220513 ///
> 20220514 ///
> 20220515 ///
> 20220516 ///
> 20220517 ///
> 20220518 ///
> 20220519 ///
> 20220520 ///
> 20220521 ///
> 20220522 ///
> 20220523 ///
> 20220524 ///
> 20220525 ///
> 20220526 ///
> 20220527 ///
> 20220528 ///
> 20220529 ///
> 20220530 ///
> 20220531 ///
> 20220601 ///
> 20220602 ///
> 20220603 ///
> 20220604 ///
> 20220605 ///
> 20220606 ///
> 20220607 ///
> 20220608 ///
> 20220609 ///
> 20220610 ///
> 20220611 ///
> 20220612 ///
> 20220613 ///
> 20220614 ///
> 20220615 ///
> 20220616 ///
> 20220617 ///
> 20220618 ///
> 20220619 ///
> 20220620 ///
> 20220621 ///
> 20220622 ///
> 20220623 ///
> 20220624 ///
> 20220625 ///
> 20220626 ///
> 20220627 ///
> 20220628 ///
> 20220629 ///
> 20220630 ///
> 20220701 ///
> 20220702 ///
> 20220703 ///
> 20220704 ///
> 20220705 ///
> 20220706 ///
> 20220707 ///
> 20220708 ///
> 20220709 ///
> 20220710 ///
> 20220711 ///
> 20220712 ///
> 20220713 ///
> 20220714 ///
> 20220715 ///
> 20220716 ///
> 20220717 ///
> 20220718 ///
> 20220719 ///
> 20220720 ///
> 20220721 ///
> 20220722 ///
> 20220723 ///
> 20220724 ///
> 20220725 ///
> 20220726 ///
> 20220727 ///
> 20220728 ///
> 20220729 ///
> 20220730 ///
> 20220731 ///
> 20220801 ///
> 20220802 ///
> 20220803 ///
> 20220804 ///
> 20220805 ///
> 20220806 ///
> 20220807 ///
> 20220808 ///
> 20220809 ///
> 20220810 ///
> 20220811 ///
> 20220812 ///
> 20220813 ///
> 20220814 ///
> 20220815 ///
> 20220816 ///
> 20220817 ///
> 20220818 ///
> 20220819 ///
> 20220820 ///
> 20220821 ///
> 20220822 ///
> 20220823 ///
> 20220824 ///
> 20220825 ///
> 20220826 ///
> 20220827 ///
> 20220828 ///
> 20220829 ///
> 20220830 ///
> 20220831 ///
> 20220901 ///
> 20220902 ///
> 20220903 ///
> 20220904 ///
> 20220905 ///
> 20220906 ///
> 20220907 ///
> 20220908 ///
> 20220909 ///
> 20220910 ///
> 20220911 ///
> 20220912 ///
> 20220913 ///
> 20220914 ///
> 20220915
{txt}
{com}. 
. 
. 
. cd ..
{res}/Users/farshadpourmalek/Downloads/CovidLongitudinal-main/code
{txt}
{com}. 
. cd download
{res}/Users/farshadpourmalek/Downloads/CovidLongitudinal-main/code/download
{txt}
{com}. 
. cd DELP
{res}/Users/farshadpourmalek/Downloads/CovidLongitudinal-main/code/download/DELP
{txt}
{com}. 
. foreach update of local list1 {c -(}
{txt}  2{com}. 
.         use "CovidLongitudinal DELP `update'.dta", clear
{txt}  3{com}.         
.         keep update_date`update' loc_grand_name
{txt}  4{com}.         
.         rename update_date`update' update_date
{txt}  5{com}.         
.         format update_date %tdDDMonCCYY
{txt}  6{com}.         
.         
.         qui keep if ///
>         loc_grand_name == "Afghanistan" | ///
>         loc_grand_name == "Albania" | ///
>         loc_grand_name == "Algeria" | ///
>         loc_grand_name == "Andorra" | ///
>         loc_grand_name == "Angola" | ///
>         loc_grand_name == "Antigua and Barbuda" | ///
>         loc_grand_name == "Argentina" | ///
>         loc_grand_name == "Armenia" | ///
>         loc_grand_name == "Australia" | ///
>         loc_grand_name == "Austria" | ///
>         loc_grand_name == "Azerbaijan" | ///
>         loc_grand_name == "Bahrain" | ///
>         loc_grand_name == "Bangladesh" | ///
>         loc_grand_name == "Barbados" | ///
>         loc_grand_name == "Belarus" | ///
>         loc_grand_name == "Belgium" | ///
>         loc_grand_name == "Belize" | ///
>         loc_grand_name == "Benin" | ///
>         loc_grand_name == "Bhutan" | ///
>         loc_grand_name == "Bolivia" | ///
>         loc_grand_name == "Bosnia and Herzegovina" | ///
>         loc_grand_name == "Botswana" | ///
>         loc_grand_name == "Brazil" | ///
>         loc_grand_name == "Bulgaria" | ///
>         loc_grand_name == "Burkina Faso" | ///
>         loc_grand_name == "Burundi" | ///
>         loc_grand_name == "Cambodia" | ///
>         loc_grand_name == "Cameroon" | ///
>         loc_grand_name == "Canada" | ///
>         loc_grand_name == "Cape Verde" | ///
>         loc_grand_name == "Central African Republic" | ///
>         loc_grand_name == "Chad" | ///
>         loc_grand_name == "Chile" | ///
>         loc_grand_name == "Colombia" | ///
>         loc_grand_name == "Comoros" | ///
>         loc_grand_name == "Congo" | ///
>         loc_grand_name == "Congo, DR" | ///
>         loc_grand_name == "Costa Rica" | ///
>         loc_grand_name == "Cote d'Ivoire" | ///
>         loc_grand_name == "Croatia" | ///
>         loc_grand_name == "Cuba" | ///
>         loc_grand_name == "Cyprus" | ///
>         loc_grand_name == "Czechia" | ///
>         loc_grand_name == "Denmark" | ///
>         loc_grand_name == "Djibouti" | ///
>         loc_grand_name == "Dominican Republic" | ///
>         loc_grand_name == "Ecuador" | ///
>         loc_grand_name == "Egypt" | ///
>         loc_grand_name == "El Salvador" | ///
>         loc_grand_name == "Equatorial Guinea" | ///
>         loc_grand_name == "Estonia" | ///
>         loc_grand_name == "Ethiopia" | ///
>         loc_grand_name == "Finland" | ///
>         loc_grand_name == "France" | ///
>         loc_grand_name == "Gabon" | ///
>         loc_grand_name == "Gambia" | ///
>         loc_grand_name == "Georgia" | ///
>         loc_grand_name == "Germany" | ///
>         loc_grand_name == "Ghana" | ///
>         loc_grand_name == "Greece" | ///
>         loc_grand_name == "Guatemala" | ///
>         loc_grand_name == "Guinea" | ///
>         loc_grand_name == "Guinea Bissau" | ///
>         loc_grand_name == "Guyana" | ///
>         loc_grand_name == "Haiti" | ///
>         loc_grand_name == "Honduras" | ///
>         loc_grand_name == "Hungary" | ///
>         loc_grand_name == "Iceland" | ///
>         loc_grand_name == "India" | ///
>         loc_grand_name == "Indonesia" | ///
>         loc_grand_name == "Iran" | ///
>         loc_grand_name == "Iraq" | ///
>         loc_grand_name == "Ireland" | ///
>         loc_grand_name == "Israel" | ///
>         loc_grand_name == "Italy" | ///
>         loc_grand_name == "Jamaica" | ///
>         loc_grand_name == "Japan" | ///
>         loc_grand_name == "Jordan" | ///
>         loc_grand_name == "Kazakhstan" | ///
>         loc_grand_name == "Kenya" | ///
>         loc_grand_name == "Korea, South" | ///
>         loc_grand_name == "Kosovo" | ///
>         loc_grand_name == "Kuwait" | ///
>         loc_grand_name == "Latvia" | ///
>         loc_grand_name == "Lebanon" | ///
>         loc_grand_name == "Lesotho" | ///
>         loc_grand_name == "Liberia" | ///
>         loc_grand_name == "Libya" | ///
>         loc_grand_name == "Liechtenstein" | ///
>         loc_grand_name == "Lithuania" | ///
>         loc_grand_name == "Luxembourg" | ///
>         loc_grand_name == "Madagascar" | ///
>         loc_grand_name == "Malawi" | ///
>         loc_grand_name == "Malaysia" | ///
>         loc_grand_name == "Maldives" | ///
>         loc_grand_name == "Mali" | ///
>         loc_grand_name == "Malta" | ///
>         loc_grand_name == "Mauritania" | ///
>         loc_grand_name == "Mauritius" | ///
>         loc_grand_name == "Mexico" | ///
>         loc_grand_name == "Moldova" | ///
>         loc_grand_name == "Monaco" | ///
>         loc_grand_name == "Mongolia" | ///
>         loc_grand_name == "Montenegro" | ///
>         loc_grand_name == "Morocco" | ///
>         loc_grand_name == "Mozambique" | ///
>         loc_grand_name == "Namibia" | ///
>         loc_grand_name == "Nepal" | ///
>         loc_grand_name == "Netherlands" | ///
>         loc_grand_name == "New Zealand" | ///
>         loc_grand_name == "Nicaragua" | ///
>         loc_grand_name == "Niger" | ///
>         loc_grand_name == "Nigeria" | ///
>         loc_grand_name == "North Macedonia" | ///
>         loc_grand_name == "Norway" | ///
>         loc_grand_name == "Oman" | ///
>         loc_grand_name == "Pakistan" | ///
>         loc_grand_name == "Panama" | ///
>         loc_grand_name == "Papua New Guinea" | ///
>         loc_grand_name == "Paraguay" | ///
>         loc_grand_name == "Peru" | ///
>         loc_grand_name == "Philippines" | ///
>         loc_grand_name == "Poland" | ///
>         loc_grand_name == "Portugal" | ///
>         loc_grand_name == "Qatar" | ///
>         loc_grand_name == "Romania" | ///
>         loc_grand_name == "Russia" | ///
>         loc_grand_name == "Rwanda" | ///
>         loc_grand_name == "San Marino" | ///
>         loc_grand_name == "Sao Tome and Principe" | ///
>         loc_grand_name == "Saudi Arabia" | ///
>         loc_grand_name == "Senegal" | ///
>         loc_grand_name == "Serbia" | ///
>         loc_grand_name == "Seychelles" | ///
>         loc_grand_name == "Sierra Leone" | ///
>         loc_grand_name == "Singapore" | ///
>         loc_grand_name == "Slovakia" | ///
>         loc_grand_name == "Slovenia" | ///
>         loc_grand_name == "Somalia" | ///
>         loc_grand_name == "South Africa" | ///
>         loc_grand_name == "South Sudan" | ///
>         loc_grand_name == "Spain" | ///
>         loc_grand_name == "Sri Lanka" | ///
>         loc_grand_name == "Sudan" | ///
>         loc_grand_name == "Suriname" | ///
>         loc_grand_name == "Sweden" | ///
>         loc_grand_name == "Switzerland" | ///
>         loc_grand_name == "Tajikistan" | ///
>         loc_grand_name == "Tanzania" | ///
>         loc_grand_name == "Thailand" | ///
>         loc_grand_name == "Togo" | ///
>         loc_grand_name == "Trinidad and Tobago" | ///
>         loc_grand_name == "Tunisia" | ///
>         loc_grand_name == "Turkey" | ///
>         loc_grand_name == "Uganda" | ///
>         loc_grand_name == "Ukraine" | ///
>         loc_grand_name == "United Arab Emirates" | ///
>         loc_grand_name == "United Kingdom" | ///
>         loc_grand_name == "United States of America" | ///
>         loc_grand_name == "Uruguay" | ///
>         loc_grand_name == "Uzbekistan" | ///
>         loc_grand_name == "Venezuela" | ///
>         loc_grand_name == "Viet Nam" | ///
>         loc_grand_name == "Yemen" | ///
>         loc_grand_name == "Zambia" | ///
>         loc_grand_name == "Zimbabwe"
{txt}  7{com}. 
. 
. 
.         
.         qui tab loc_grand_name
{txt}  8{com}.         
.         gen loc_unique = r(r)
{txt}  9{com}.         
.         drop loc_grand_name
{txt} 10{com}.         
.         qui keep in 1
{txt} 11{com}. 
.         qui save "CovidLongitudinal DELP `update' loc_unique.dta", replace
{txt} 12{com}.         
. {c )-}
{res}{txt}
{com}. *       
. 
. 
. 
. foreach update of local list1 {c -(}
{txt}  2{com}.         
.         append using "CovidLongitudinal DELP `update' loc_unique.dta"
{txt}  3{com}. 
. {c )-}
{txt}
{com}. *       
. 
. gen model = "DELP"
{txt}
{com}. 
. qui duplicates drop *, force
{txt}
{com}. 
. isid update_date
{txt}
{com}. 
. sort update_date
{txt}
{com}. 
. cd ..
{res}/Users/farshadpourmalek/Downloads/CovidLongitudinal-main/code/download
{txt}
{com}. 
. cd ..
{res}/Users/farshadpourmalek/Downloads/CovidLongitudinal-main/code
{txt}
{com}. 
. cd merge
{res}/Users/farshadpourmalek/Downloads/CovidLongitudinal-main/code/merge
{txt}
{com}. 
. save "loc_unique DELP.dta", replace
{txt}{p 0 4 2}
file {bf}
loc_unique DELP.dta{rm}
saved
{p_end}

{com}. 
. * 
. 
. 
. 
. 
. 
. 
. 
. 
. 
. 
. 
. 
. *********************
. 
. * IHME number of countries
. 
. clear 
{txt}
{com}. 
. local list2 ///
> 20200325 ///
> 20200326 ///
> 20200327 ///
> 20200329 ///
> 20200330 ///
> 20200331 ///
> 20200401 ///
> 20200405 ///
> 20200407 ///
> 20200408 ///
> 20200410 ///
> 20200413 ///
> 20200417 ///
> 20200421 ///
> 20200422 ///
> 20200427 ///
> 20200428 ///
> 20200429 ///
> 20200504 ///
> 20200510 ///
> 20200512 ///
> 20200520 ///
> 20200525 ///
> 20200526 ///
> 20200529 ///
> 20200605 ///
> 20200608 ///
> 20200610 ///
> 20200615 ///
> 20200625 ///
> 20200629 ///
> 20200707 ///
> 20200714 ///
> 20200722 ///
> 20200730 ///
> 20200806 ///
> 20200821 ///
> 20200827 ///
> 20200903 ///
> 20200911 ///
> 20200918 ///
> 20200924 ///
> 20201002 ///
> 20201009 ///
> 20201015 ///
> 20201022 ///
> 20201029 ///
> 20201112 ///
> 20201119 ///
> 20201203 ///
> 20201210 ///
> 20201217 ///
> 20201223 ///
> 20210115 ///
> 20210122 ///
> 20210128 ///
> 20210204 ///
> 20210212 ///
> 20210220 ///
> 20210225 ///
> 20210306 ///
> 20210311 ///
> 20210317 ///
> 20210325 ///
> 20210401 ///
> 20210409 ///
> 20210416 ///
> 20210423 ///
> 20210506 ///
> 20210514 ///
> 20210521 ///
> 20210528 ///
> 20210604 ///
> 20210610 ///
> 20210618 ///
> 20210625 ///
> 20210702 ///
> 20210715 ///
> 20210723 ///
> 20210730 ///
> 20210806 ///
> 20210820 ///
> 20210826 ///
> 20210902 ///
> 20210910 ///
> 20210916 ///
> 20210923 ///
> 20210930 ///
> 20211015 ///
> 20211021 ///
> 20211104 ///
> 20211119 ///
> 20211221 ///
> 20220108 ///
> 20220114 ///
> 20220121 ///
> 20220204 ///
> 20220218 ///
> 20220321 ///
> 20220408 ///
> 20220506 ///
> 20220610 ///
> 20220719 ///
> 20220912 ///
> 20221024 ///
> 20221118 ///
> 20221216
{txt}
{com}. 
. 
. 
. cd ..
{res}/Users/farshadpourmalek/Downloads/CovidLongitudinal-main/code
{txt}
{com}. 
. cd download
{res}/Users/farshadpourmalek/Downloads/CovidLongitudinal-main/code/download
{txt}
{com}. 
. cd IHME
{res}/Users/farshadpourmalek/Downloads/CovidLongitudinal-main/code/download/IHME
{txt}
{com}. 
. foreach update of local list2 {c -(}
{txt}  2{com}. 
.         use "IHME `update'.dta", clear
{txt}  3{com}.                         
.         gen update = "`update'"
{txt}  4{com}. 
.         gen this = substr(update,1,8)
{txt}  5{com}. 
.         gen update_date = date(this, "YMD")
{txt}  6{com}. 
.         drop this
{txt}  7{com}. 
.         format update_date %tdDDMonCCYY
{txt}  8{com}.         
.         
.         rename location_name loc_grand_name
{txt}  9{com}.         
.         keep update_date loc_grand_name 
{txt} 10{com}.                 
.         gen loc_grand_name_country = 0
{txt} 11{com}.         
.         * List of countries from IHME update July 19, 2022.
.         
.         qui replace loc_grand_name_country = 1 if ///
>                 loc_grand_name == "Afghanistan" | ///
>                 loc_grand_name == "Albania" | ///
>                 loc_grand_name == "Albania" | ///
>                 loc_grand_name == "Algeria" | ///
>                 loc_grand_name == "Andorra" | ///
>                 loc_grand_name == "Angola" | ///
>                 loc_grand_name == "Argentina" | ///
>                 loc_grand_name == "Armenia" | ///
>                 loc_grand_name == "Australia" | ///
>                 loc_grand_name == "Austria" | ///
>                 loc_grand_name == "Azerbaijan" | ///
>                 loc_grand_name == "Bahamas" | ///
>                 loc_grand_name == "Bahrain" | ///
>                 loc_grand_name == "Bangladesh" | ///
>                 loc_grand_name == "Barbados" | ///
>                 loc_grand_name == "Belarus" | ///
>                 loc_grand_name == "Belgium" | ///
>                 loc_grand_name == "Belize" | ///
>                 loc_grand_name == "Benin" | ///
>                 loc_grand_name == "Bolivia (Plurinational State of)" | ///
>                 loc_grand_name == "Bosnia and Herzegovina" | ///
>                 loc_grand_name == "Botswana" | ///
>                 loc_grand_name == "Brazil" | ///
>                 loc_grand_name == "Bulgaria" | ///
>                 loc_grand_name == "Burkina Faso" | ///
>                 loc_grand_name == "Cote d'Ivoire" | /// 
>                 loc_grand_name == "Cabo Verde" | ///
>                 loc_grand_name == "Cambodia" | ///
>                 loc_grand_name == "Cameroon" | ///
>                 loc_grand_name == "Canada" | ///
>                 loc_grand_name == "Central African Republic" | ///
>                 loc_grand_name == "Chad" | ///
>                 loc_grand_name == "Chile" | ///
>                 loc_grand_name == "China" | ///
>                 loc_grand_name == "Colombia" | ///
>                 loc_grand_name == "Comoros" | ///
>                 loc_grand_name == "Congo" | ///
>                 loc_grand_name == "Costa Rica" | ///
>                 loc_grand_name == "Croatia" | ///
>                 loc_grand_name == "Cuba" | ///
>                 loc_grand_name == "Cyprus" | ///
>                 loc_grand_name == "Czechia" | ///
>                 loc_grand_name == "Democratic Republic of the Congo" | ///
>                 loc_grand_name == "Denmark" | ///
>                 loc_grand_name == "Djibouti" | ///
>                 loc_grand_name == "Dominican Republic" | ///
>                 loc_grand_name == "Ecuador" | ///
>                 loc_grand_name == "Egypt" | ///
>                 loc_grand_name == "El Salvador" | ///
>                 loc_grand_name == "Equatorial Guinea" | ///
>                 loc_grand_name == "Estonia" | ///
>                 loc_grand_name == "Eswatini" | ///
>                 loc_grand_name == "Ethiopia" | ///
>                 loc_grand_name == "Fiji" | ///
>                 loc_grand_name == "Finland" | ///
>                 loc_grand_name == "France" | ///
>                 loc_grand_name == "Gabon" | ///
>                 loc_grand_name == "Gambia" | ///
>                 loc_grand_name == "Germany" | ///
>                 loc_grand_name == "Ghana" | ///
>                 loc_grand_name == "Greece" | ///
>                 loc_grand_name == "Guam" | ///
>                 loc_grand_name == "Guatemala" | ///
>                 loc_grand_name == "Guinea" | ///
>                 loc_grand_name == "Guinea-Bissau" | ///
>                 loc_grand_name == "Guyana" | ///
>                 loc_grand_name == "Haiti" | ///
>                 loc_grand_name == "Honduras" | ///
>                 loc_grand_name == "Hungary" | ///
>                 loc_grand_name == "Iceland" | ///
>                 loc_grand_name == "India" | ///
>                 loc_grand_name == "Indonesia" | ///
>                 loc_grand_name == "Iran (Islamic Republic of)" | ///
>                 loc_grand_name == "Iraq" | ///
>                 loc_grand_name == "Israel" | ///
>                 loc_grand_name == "Italy" | ///
>                 loc_grand_name == "Jamaica" | ///
>                 loc_grand_name == "Japan" | ///
>                 loc_grand_name == "Jordan" | ///
>                 loc_grand_name == "Kazakhstan" | ///
>                 loc_grand_name == "Kenya" | ///
>                 loc_grand_name == "Kuwait" | ///
>                 loc_grand_name == "Kyrgyzstan" | ///
>                 loc_grand_name == "Latvia" | ///
>                 loc_grand_name == "Lebanon" | ///
>                 loc_grand_name == "Lesotho" | ///
>                 loc_grand_name == "Liberia" | ///
>                 loc_grand_name == "Libya" | ///
>                 loc_grand_name == "Lithuania" | ///
>                 loc_grand_name == "Luxembourg" | ///
>                 loc_grand_name == "Madagascar" | ///
>                 loc_grand_name == "Malawi" | ///
>                 loc_grand_name == "Malaysia" | ///
>                 loc_grand_name == "Maldives" | ///
>                 loc_grand_name == "Mali" | ///
>                 loc_grand_name == "Malta" | ///
>                 loc_grand_name == "Mauritania" | ///
>                 loc_grand_name == "Mauritius" | ///
>                 loc_grand_name == "Mexico" | ///
>                 loc_grand_name == "Mongolia" | ///
>                 loc_grand_name == "Montenegro" | ///
>                 loc_grand_name == "Morocco" | ///
>                 loc_grand_name == "Mozambique" | ///
>                 loc_grand_name == "Myanmar" | ///
>                 loc_grand_name == "Namibia" | ///
>                 loc_grand_name == "Nepal" | ///
>                 loc_grand_name == "Netherlands" | ///
>                 loc_grand_name == "New Zealand" | ///
>                 loc_grand_name == "Nicaragua" | ///
>                 loc_grand_name == "Niger" | ///
>                 loc_grand_name == "Nigeria" | ///
>                 loc_grand_name == "North Macedonia" | ///
>                 loc_grand_name == "Norway" | ///
>                 loc_grand_name == "Oman" | ///
>                 loc_grand_name == "Pakistan" | ///
>                 loc_grand_name == "Palestine" | ///
>                 loc_grand_name == "Panama" | ///
>                 loc_grand_name == "Papua New Guinea" | ///
>                 loc_grand_name == "Paraguay" | ///
>                 loc_grand_name == "Peru" | ///
>                 loc_grand_name == "Philippines" | ///
>                 loc_grand_name == "Poland" | ///
>                 loc_grand_name == "Portugal" | ///
>                 loc_grand_name == "Puerto Rico" | ///
>                 loc_grand_name == "Qatar" | ///
>                 loc_grand_name == "Republic of Korea" | ///
>                 loc_grand_name == "Republic of Moldova" | ///
>                 loc_grand_name == "Romania" | ///
>                 loc_grand_name == "Russian Federation" | ///
>                 loc_grand_name == "Rwanda" | ///
>                 loc_grand_name == "San Marino" | ///
>                 loc_grand_name == "Sao Tome and Principe" | ///
>                 loc_grand_name == "Saudi Arabia" | ///
>                 loc_grand_name == "Senegal" | ///
>                 loc_grand_name == "Serbia" | ///
>                 loc_grand_name == "Sierra Leone" | ///
>                 loc_grand_name == "Singapore" | ///
>                 loc_grand_name == "Slovakia" | ///
>                 loc_grand_name == "Slovenia" | ///
>                 loc_grand_name == "Somalia" | ///
>                 loc_grand_name == "South Africa" | ///
>                 loc_grand_name == "South Sudan" | ///
>                 loc_grand_name == "Spain" | ///
>                 loc_grand_name == "Sri Lanka" | ///
>                 loc_grand_name == "Sudan" | ///
>                 loc_grand_name == "Suriname" | ///
>                 loc_grand_name == "Sweden" | ///
>                 loc_grand_name == "Switzerland" | ///
>                 loc_grand_name == "Syrian Arab Republic" | ///
>                 loc_grand_name == "Taiwan (Province of China)" | ///
>                 loc_grand_name == "Tajikistan" | ///
>                 loc_grand_name == "Thailand" | ///
>                 loc_grand_name == "Timor-Leste" | ///
>                 loc_grand_name == "Togo" | ///
>                 loc_grand_name == "Trinidad and Tobago" | ///
>                 loc_grand_name == "Tunisia" | ///
>                 loc_grand_name == "Turkey" | ///
>                 loc_grand_name == "Uganda" | ///
>                 loc_grand_name == "Ukraine" | ///
>                 loc_grand_name == "United Arab Emirates" | ///
>                 loc_grand_name == "United Kingdom" | ///
>                 loc_grand_name == "United States of America" | ///
>                 loc_grand_name == "United States Virgin Islands" | ///
>                 loc_grand_name == "Uruguay" | ///
>                 loc_grand_name == "Uzbekistan" | ///
>                 loc_grand_name == "Venezuela (Bolivarian Republic of)" | ///
>                 loc_grand_name == "Viet Nam" | ///
>                 loc_grand_name == "Yemen" | ///
>                 loc_grand_name == "Zambia" | ///
>                 loc_grand_name == "Zimbabwe" | ///
>                 loc_grand_name == "Georgia"     
{txt} 12{com}. 
. 
.                         
.         // qui drop if loc_grand_name_country != 1      
.                         
.         qui tab loc_grand_name
{txt} 13{com}.         
.         gen loc_unique = r(r)
{txt} 14{com}.         
.         drop loc_grand_name
{txt} 15{com}.         
.         qui keep in 1
{txt} 16{com}. 
.         qui save "CovidLongitudinal IHME `update' loc_unique.dta", replace
{txt} 17{com}.         
. 
.         
. {c )-}
{res}{txt}
{com}. *       
. 
. 
. 
. 
. foreach update of local list2 {c -(}
{txt}  2{com}.         
.         append using "CovidLongitudinal IHME `update' loc_unique.dta"
{txt}  3{com}. 
. {c )-}
{txt}
{com}. *       
. 
. gen model = "IHME"
{txt}
{com}. 
. qui duplicates drop *, force
{txt}
{com}. 
. isid update_date
{txt}
{com}. 
. sort update_date
{txt}
{com}. 
. cd ..
{res}/Users/farshadpourmalek/Downloads/CovidLongitudinal-main/code/download
{txt}
{com}. 
. cd ..
{res}/Users/farshadpourmalek/Downloads/CovidLongitudinal-main/code
{txt}
{com}. 
. cd merge
{res}/Users/farshadpourmalek/Downloads/CovidLongitudinal-main/code/merge
{txt}
{com}. 
. save "loc_unique IHME.dta", replace
{txt}{p 0 4 2}
(file {bf}
loc_unique IHME.dta{rm}
not found)
{p_end}
{p 0 4 2}
file {bf}
loc_unique IHME.dta{rm}
saved
{p_end}

{com}. 
. * 
. 
. 
. 
. 
. 
. 
. 
. 
. 
. 
. 
. *********************
. 
. * IMPE number of countries
. 
. clear
{txt}
{com}. 
. local list3 ///
> 20200428 ///
> 20200429 ///
> 20200430 ///
> 20200501 ///
> 20200502 ///
> 20200503 ///
> 20200504 ///
> 20200505 ///
> 20200506 ///
> 20200507 ///
> 20200508 ///
> 20200509 ///
> 20200510 ///
> 20200511 ///
> 20200512 ///
> 20200513 ///
> 20200514 ///
> 20200515 ///
> 20200516 ///
> 20200517 ///
> 20200519 ///
> 20200520 ///
> 20200521 ///
> 20200522 ///
> 20200523 ///
> 20200524 ///
> 20200525 ///
> 20200526 ///
> 20200527 ///
> 20200528 ///
> 20200529 ///
> 20200530 ///
> 20200531 ///
> 20200601 ///
> 20200602 ///
> 20200603 ///
> 20200604 ///
> 20200606 ///
> 20200609 ///
> 20200614 ///
> 20200616 ///
> 20200619 ///
> 20200623 ///
> 20200702 ///
> 20200703 ///
> 20200704 ///
> 20200707 ///
> 20200711 ///
> 20200714 ///
> 20200715 ///
> 20200718 ///
> 20200720 ///
> 20200722 ///
> 20200725 ///
> 20200727 ///
> 20200731 ///
> 20200808 ///
> 20200810 ///
> 20200811 ///
> 20200813 ///
> 20200814 ///
> 20200817 ///
> 20200823 ///
> 20200825 ///
> 20200827 ///
> 20200831 ///
> 20200902 ///
> 20200906 ///
> 20200908 ///
> 20200912 ///
> 20200915 ///
> 20200919 ///
> 20200923 ///
> 20200925 ///
> 20201003 ///
> 20201006 ///
> 20201012 ///
> 20201019 ///
> 20201025 ///
> 20201028 ///
> 20201101 ///
> 20201110 ///
> 20201114 ///
> 20201118 ///
> 20201123 ///
> 20201129 ///
> 20201204 ///
> 20201212 ///
> 20201220 ///
> 20201226 ///
> 20210104 ///
> 20210110 ///
> 20210112 ///
> 20210118 ///
> 20210124 ///
> 20210130 ///
> 20210203 ///
> 20210210 ///
> 20210217 ///
> 20210226 ///
> 20210305 ///
> 20210312 ///
> 20210319 ///
> 20210329 ///
> 20210406 ///
> 20210417 ///
> 20210424 ///
> 20210510 ///
> 20210516 ///
> 20210522 ///
> 20210527 ///
> 20210604 ///
> 20210611 ///
> 20210618 ///
> 20210626 ///
> 20210702 ///
> 20210709 ///
> 20210719 ///
> 20210806 ///
> 20210819 ///
> 20210825 ///
> 20210909 ///
> 20210924 ///
> 20211006 ///
> 20211021 ///
> 20211027 ///
> 20211103 ///
> 20211115 ///
> 20211121 ///
> 20211129 ///
> 20211205 ///
> 20211213 ///
> 20211226
{txt}
{com}. 
. 
. 
. 
. cd ..
{res}/Users/farshadpourmalek/Downloads/CovidLongitudinal-main/code
{txt}
{com}. 
. cd download
{res}/Users/farshadpourmalek/Downloads/CovidLongitudinal-main/code/download
{txt}
{com}. 
. cd IMPE
{res}/Users/farshadpourmalek/Downloads/CovidLongitudinal-main/code/download/IMPE
{txt}
{com}. 
. foreach update of local list3 {c -(}
{txt}  2{com}. 
.         use "IMPE `update'.dta", clear
{txt}  3{com}.         
.         gen update = "`update'"
{txt}  4{com}. 
.         gen this = substr(update,1,8)
{txt}  5{com}. 
.         gen update_date = date(this, "YMD")
{txt}  6{com}. 
.         drop this
{txt}  7{com}. 
.         format update_date %tdDDMonCCYY
{txt}  8{com}. 
.         
.         keep update_date loc_grand_name
{txt}  9{com}.         
.                 
.         qui tab loc_grand_name
{txt} 10{com}.         
.         gen loc_unique = r(r)
{txt} 11{com}.         
.         drop loc_grand_name
{txt} 12{com}.         
.         qui keep in 1
{txt} 13{com}. 
.         qui save "CovidLongitudinal IMPE `update' loc_unique.dta", replace
{txt} 14{com}.         
. {c )-}
{txt}
{com}. *       
. 
. 
. 
. 
. foreach update of local list3 {c -(}
{txt}  2{com}.         
.         append using "CovidLongitudinal IMPE `update' loc_unique.dta"
{txt}  3{com}. 
. {c )-}
{txt}
{com}. *       
. 
. gen model = "IMPE"
{txt}
{com}. 
. qui duplicates drop *, force
{txt}
{com}. 
. isid update_date
{txt}
{com}. 
. sort update_date
{txt}
{com}. 
. cd ..
{res}/Users/farshadpourmalek/Downloads/CovidLongitudinal-main/code/download
{txt}
{com}. 
. cd ..
{res}/Users/farshadpourmalek/Downloads/CovidLongitudinal-main/code
{txt}
{com}. 
. cd coverage
{err}unable to change to coverage
{txt}{search r(170), local:r(170);}

end of do-file

{search r(170), local:r(170);}

{com}. do "/Users/farshadpourmalek/Downloads/CovidLongitudinal-main/code/merge/do CovidLongitudinal coverage.do"
{txt}
{com}. 
. clear all
{res}{txt}
{com}. 
. cd "$pathCovidLongitudinal"
{res}/Users/farshadpourmalek/Downloads/CovidLongitudinal-main/code
{txt}
{com}. 
. cd merge
{res}/Users/farshadpourmalek/Downloads/CovidLongitudinal-main/code/merge
{txt}
{com}. 
. capture log close 
{smcl}
{com}{sf}{ul off}